// Jest Snapshot v1, https://goo.gl/fbAQLP

exports[`<ErrorMessage /> ErrorMessage renders correctly 1`] = `
<div
  style={
    Object {
      "color": "#dc3545",
    }
  }
/>
`;
