// Jest Snapshot v1, https://goo.gl/fbAQLP

exports[`<SendMoney /> SendMoney renders correctly 1`] = `null`;
