// Jest Snapshot v1, https://goo.gl/fbAQLP

exports[`<Login /> Login renders correctly 1`] = `null`;
